NOT in word set else
NOT in word set exit
NOT in word set terminate
NOT in word set type
NOT in word set raise
NOT in word set range
NOT in word set reverse
NOT in word set declare
NOT in word set end
NOT in word set record
NOT in word set exception
NOT in word set not
NOT in word set then
NOT in word set return
NOT in word set separate
NOT in word set select
NOT in word set digits
NOT in word set renames
NOT in word set subtype
NOT in word set elsif
NOT in word set function
NOT in word set for
NOT in word set package
NOT in word set procedure
NOT in word set private
NOT in word set while
NOT in word set when
NOT in word set new
NOT in word set entry
NOT in word set delay
NOT in word set case
NOT in word set constant
NOT in word set at
NOT in word set abort
NOT in word set accept
NOT in word set and
NOT in word set delta
NOT in word set access
NOT in word set abs
NOT in word set pragma
NOT in word set array
NOT in word set use
NOT in word set out
NOT in word set do
NOT in word set others
NOT in word set of
NOT in word set or
NOT in word set all
NOT in word set limited
NOT in word set loop
NOT in word set null
NOT in word set task
NOT in word set in
NOT in word set is
NOT in word set if
NOT in word set rem
NOT in word set mod
NOT in word set begin
NOT in word set body
NOT in word set xor
NOT in word set goto
NOT in word set generic
NOT in word set with
