NOT in word set if
NOT in word set do
NOT in word set int
NOT in word set for
NOT in word set case
NOT in word set char
NOT in word set auto
NOT in word set goto
NOT in word set else
NOT in word set long
NOT in word set void
NOT in word set enum
NOT in word set float
NOT in word set short
NOT in word set union
NOT in word set break
NOT in word set while
NOT in word set const
NOT in word set double
NOT in word set static
NOT in word set extern
NOT in word set struct
NOT in word set return
NOT in word set sizeof
NOT in word set switch
NOT in word set signed
NOT in word set typedef
NOT in word set default
NOT in word set unsigned
NOT in word set continue
NOT in word set register
NOT in word set volatile
