NOT in word set and
NOT in word set and_eq
NOT in word set asm
NOT in word set auto
NOT in word set bitand
NOT in word set bitor
NOT in word set bool
NOT in word set break
NOT in word set case
NOT in word set catch
NOT in word set char
NOT in word set class
NOT in word set compl
NOT in word set const
NOT in word set const_cast
NOT in word set continue
NOT in word set default
NOT in word set delete
NOT in word set do
NOT in word set double
NOT in word set dynamic_cast
NOT in word set else
NOT in word set enum
NOT in word set explicit
NOT in word set extern
NOT in word set false
NOT in word set float
NOT in word set for
NOT in word set friend
NOT in word set goto
NOT in word set if
NOT in word set inline
NOT in word set int
NOT in word set long
NOT in word set mutable
NOT in word set namespace
NOT in word set new
NOT in word set not
NOT in word set not_eq
NOT in word set operator
NOT in word set or
NOT in word set or_eq
NOT in word set private
NOT in word set protected
NOT in word set public
NOT in word set register
NOT in word set reinterpret_cast
NOT in word set return
NOT in word set short
NOT in word set signed
NOT in word set sizeof
NOT in word set static
NOT in word set static_cast
NOT in word set struct
NOT in word set switch
NOT in word set template
NOT in word set this
NOT in word set throw
NOT in word set true
NOT in word set try
NOT in word set typedef
NOT in word set typeid
NOT in word set typename
NOT in word set union
NOT in word set unsigned
NOT in word set using
NOT in word set virtual
NOT in word set void
NOT in word set volatile
NOT in word set wchar_t
NOT in word set while
NOT in word set xor
NOT in word set xor_eq
