NOT in word set AND
NOT in word set ARRAY
NOT in word set BEGIN
NOT in word set BITS
NOT in word set BY
NOT in word set CASE
NOT in word set CONST
NOT in word set DIV
NOT in word set DO
NOT in word set ELSE
NOT in word set ELSIF
NOT in word set END
NOT in word set EVAL
NOT in word set EXCEPT
NOT in word set EXCEPTION
NOT in word set EXIT
NOT in word set EXPORTS
NOT in word set FINALLY
NOT in word set FOR
NOT in word set FROM
NOT in word set IF
NOT in word set IMPORT
NOT in word set INTERFACE
NOT in word set IN
NOT in word set INLINE
NOT in word set LOCK
NOT in word set METHODS
NOT in word set MOD
NOT in word set MODULE
NOT in word set NOT
NOT in word set OBJECT
NOT in word set OF
NOT in word set OR
NOT in word set PROCEDURE
NOT in word set RAISES
NOT in word set READONLY
NOT in word set RECORD
NOT in word set REF
NOT in word set REPEAT
NOT in word set RETURN
NOT in word set SET
NOT in word set THEN
NOT in word set TO
NOT in word set TRY
NOT in word set TYPE
NOT in word set TYPECASE
NOT in word set UNSAFE
NOT in word set UNTIL
NOT in word set UNTRACED
NOT in word set VALUE
NOT in word set VAR
NOT in word set WHILE
NOT in word set WITH
NOT in word set and
NOT in word set array
NOT in word set begin
NOT in word set bits
NOT in word set by
NOT in word set case
NOT in word set const
NOT in word set div
NOT in word set do
NOT in word set else
NOT in word set elsif
NOT in word set end
NOT in word set eval
NOT in word set except
NOT in word set exception
NOT in word set exit
NOT in word set exports
NOT in word set finally
NOT in word set for
NOT in word set from
NOT in word set if
NOT in word set import
NOT in word set interface
NOT in word set in
NOT in word set inline
NOT in word set lock
NOT in word set methods
NOT in word set mod
NOT in word set module
NOT in word set not
NOT in word set object
NOT in word set of
NOT in word set or
NOT in word set procedure
NOT in word set raises
NOT in word set readonly
NOT in word set record
NOT in word set ref
NOT in word set repeat
NOT in word set return
NOT in word set set
NOT in word set then
NOT in word set to
NOT in word set try
NOT in word set type
NOT in word set typecase
NOT in word set unsafe
NOT in word set until
NOT in word set untraced
NOT in word set value
NOT in word set var
NOT in word set while
NOT in word set with
