NOT in word set with
NOT in word set array
NOT in word set and
NOT in word set function
NOT in word set case
NOT in word set var
NOT in word set const
NOT in word set until
NOT in word set then
NOT in word set set
NOT in word set record
NOT in word set program
NOT in word set procedure
NOT in word set or
NOT in word set packed
NOT in word set not
NOT in word set nil
NOT in word set label
NOT in word set in
NOT in word set repeat
NOT in word set of
NOT in word set goto
NOT in word set forward
NOT in word set for
NOT in word set while
NOT in word set file
NOT in word set else
NOT in word set downto
NOT in word set do
NOT in word set div
NOT in word set to
NOT in word set type
NOT in word set end
NOT in word set mod
NOT in word set begin
NOT in word set if
