NOT in word set boolean
NOT in word set character
NOT in word set constraint_error
NOT in word set false
NOT in word set float
NOT in word set integer
NOT in word set natural
NOT in word set numeric_error
NOT in word set positive
NOT in word set program_error
NOT in word set storage_error
NOT in word set string
NOT in word set tasking_error
NOT in word set true
NOT in word set address
NOT in word set aft
NOT in word set base
NOT in word set callable
NOT in word set constrained
NOT in word set count
NOT in word set delta
NOT in word set digits
NOT in word set emax
NOT in word set epsilon
NOT in word set first
NOT in word set firstbit
NOT in word set fore
NOT in word set image
NOT in word set large
NOT in word set last
NOT in word set lastbit
NOT in word set length
NOT in word set machine_emax
NOT in word set machine_emin
NOT in word set machine_mantissa
NOT in word set machine_overflows
NOT in word set machine_radix
NOT in word set machine_rounds
NOT in word set mantissa
NOT in word set pos
NOT in word set position
NOT in word set pred
NOT in word set range
NOT in word set safe_emax
NOT in word set safe_large
NOT in word set safe_small
NOT in word set size
NOT in word set small
NOT in word set storage_size
NOT in word set succ
NOT in word set terminated
NOT in word set val
NOT in word set value
NOT in word set width
