NOT in word set _is_a
NOT in word set _non_existent
NOT in word set _interface
NOT in word set ackConfBasData
NOT in word set ackConfMosData
NOT in word set ackConfTwmData
NOT in word set ackConfArchData
NOT in word set ackConfVonData
NOT in word set ackConfFftData
NOT in word set ackConfSosData
NOT in word set ackConfSscData
NOT in word set ackConfCsData
NOT in word set ackConfR10Data
NOT in word set ackConfR11Data
NOT in word set ackConfR12Data
NOT in word set ackConfR13Data
NOT in word set ackConfR14Data
NOT in word set ackConfR15Data
NOT in word set shutdown
NOT in word set transferTriggerDb
NOT in word set transferTriggerTdc
