NOT in word set any
NOT in word set module
NOT in word set raises
NOT in word set readonly
NOT in word set attribute
NOT in word set exception
NOT in word set context
NOT in word set interface
NOT in word set const
NOT in word set typedef
NOT in word set struct
NOT in word set enum
NOT in word set string
NOT in word set wstring
NOT in word set sequence
NOT in word set union
NOT in word set switch
NOT in word set case
NOT in word set default
NOT in word set float
NOT in word set double
NOT in word set long
NOT in word set short
NOT in word set unsigned
NOT in word set char
NOT in word set wchar
NOT in word set boolean
NOT in word set octet
NOT in word set void
NOT in word set native
NOT in word set TRUE
NOT in word set FALSE
NOT in word set inout
NOT in word set in
NOT in word set out
NOT in word set oneway
